[  411222ms] [ERROR] Failed to load resource: net::ERR_CONNECTION_REFUSED @ http://localhost:3111/india/agra?_rsc=3lb4g:0
[  411222ms] [ERROR] Failed to fetch RSC payload for http://localhost:3111/india/agra. Falling back to browser navigation. TypeError: Failed to fetch
    at y (http://localhost:3111/_next/static/chunks/255-cb395327542b56ef.js:1:40073)
    at _ (http://localhost:3111/_next/static/chunks/255-cb395327542b56ef.js:1:38943)
    at http://localhost:3111/_next/static/chunks/255-cb395327542b56ef.js:1:52126
    at Object.o [as task] (http://localhost:3111/_next/static/chunks/255-cb395327542b56ef.js:1:171377)
    at c.s (http://localhost:3111/_next/static/chunks/255-cb395327542b56ef.js:1:172082)
    at c.enqueue (http://localhost:3111/_next/static/chunks/255-cb395327542b56ef.js:1:171507)
    at s (http://localhost:3111/_next/static/chunks/255-cb395327542b56ef.js:1:52089)
    at i (http://localhost:3111/_next/static/chunks/255-cb395327542b56ef.js:1:51605)
    at l (http://localhost:3111/_next/static/chunks/255-cb395327542b56ef.js:1:60061)
    at Object.prefetch (http://localhost:3111/_next/static/chunks/255-cb395327542b56ef.js:1:26405) @ http://localhost:3111/_next/static/chunks/255-cb395327542b56ef.js:0
[  411233ms] [ERROR] Failed to load resource: net::ERR_CONNECTION_REFUSED @ http://localhost:3111/ghana/accra?_rsc=3lb4g:0
[  411233ms] [ERROR] Failed to fetch RSC payload for http://localhost:3111/ghana/accra. Falling back to browser navigation. TypeError: Failed to fetch
    at y (http://localhost:3111/_next/static/chunks/255-cb395327542b56ef.js:1:40073)
    at _ (http://localhost:3111/_next/static/chunks/255-cb395327542b56ef.js:1:38943)
    at http://localhost:3111/_next/static/chunks/255-cb395327542b56ef.js:1:52126
    at Object.o [as task] (http://localhost:3111/_next/static/chunks/255-cb395327542b56ef.js:1:171377)
    at c.s (http://localhost:3111/_next/static/chunks/255-cb395327542b56ef.js:1:172082)
    at c.enqueue (http://localhost:3111/_next/static/chunks/255-cb395327542b56ef.js:1:171507)
    at s (http://localhost:3111/_next/static/chunks/255-cb395327542b56ef.js:1:52089)
    at i (http://localhost:3111/_next/static/chunks/255-cb395327542b56ef.js:1:51605)
    at l (http://localhost:3111/_next/static/chunks/255-cb395327542b56ef.js:1:60061)
    at Object.prefetch (http://localhost:3111/_next/static/chunks/255-cb395327542b56ef.js:1:26405) @ http://localhost:3111/_next/static/chunks/255-cb395327542b56ef.js:0
[  411257ms] [ERROR] Failed to load resource: net::ERR_CONNECTION_REFUSED @ http://localhost:3111/uae/abu-dhabi?_rsc=3lb4g:0
[  411257ms] [ERROR] Failed to fetch RSC payload for http://localhost:3111/uae/abu-dhabi. Falling back to browser navigation. TypeError: Failed to fetch
    at y (http://localhost:3111/_next/static/chunks/255-cb395327542b56ef.js:1:40073)
    at _ (http://localhost:3111/_next/static/chunks/255-cb395327542b56ef.js:1:38943)
    at http://localhost:3111/_next/static/chunks/255-cb395327542b56ef.js:1:52126
    at Object.o [as task] (http://localhost:3111/_next/static/chunks/255-cb395327542b56ef.js:1:171377)
    at c.s (http://localhost:3111/_next/static/chunks/255-cb395327542b56ef.js:1:172082)
    at c.enqueue (http://localhost:3111/_next/static/chunks/255-cb395327542b56ef.js:1:171507)
    at s (http://localhost:3111/_next/static/chunks/255-cb395327542b56ef.js:1:52089)
    at i (http://localhost:3111/_next/static/chunks/255-cb395327542b56ef.js:1:51605)
    at l (http://localhost:3111/_next/static/chunks/255-cb395327542b56ef.js:1:60061)
    at Object.prefetch (http://localhost:3111/_next/static/chunks/255-cb395327542b56ef.js:1:26405) @ http://localhost:3111/_next/static/chunks/255-cb395327542b56ef.js:0
[  411309ms] [ERROR] Failed to load resource: net::ERR_CONNECTION_REFUSED @ http://localhost:3111/germany/aachen?_rsc=3lb4g:0
[  411309ms] [ERROR] Failed to fetch RSC payload for http://localhost:3111/germany/aachen. Falling back to browser navigation. TypeError: Failed to fetch
    at y (http://localhost:3111/_next/static/chunks/255-cb395327542b56ef.js:1:40073)
    at _ (http://localhost:3111/_next/static/chunks/255-cb395327542b56ef.js:1:38943)
    at http://localhost:3111/_next/static/chunks/255-cb395327542b56ef.js:1:52126
    at Object.o [as task] (http://localhost:3111/_next/static/chunks/255-cb395327542b56ef.js:1:171377)
    at c.s (http://localhost:3111/_next/static/chunks/255-cb395327542b56ef.js:1:172082)
    at c.enqueue (http://localhost:3111/_next/static/chunks/255-cb395327542b56ef.js:1:171507)
    at s (http://localhost:3111/_next/static/chunks/255-cb395327542b56ef.js:1:52089)
    at i (http://localhost:3111/_next/static/chunks/255-cb395327542b56ef.js:1:51605)
    at l (http://localhost:3111/_next/static/chunks/255-cb395327542b56ef.js:1:60061)
    at Object.prefetch (http://localhost:3111/_next/static/chunks/255-cb395327542b56ef.js:1:26405) @ http://localhost:3111/_next/static/chunks/255-cb395327542b56ef.js:0
